-- west build: making build dir C:\Users\Lenovo\Nordic\remote_two\build pristine
-- west build: generating a build system
west : Loading Zephyr module(s) (Zephyr base): sysbuild_default
At line:1 char:391
+ ... emote_two"; west build -b nrf5340dk/nrf5340/cpuapp/ns --pristine *> " ...
+                 ~~~~~~~~~~~~~~~~~~~~~~~~~~~~~~~~~~~~~~~~~~~~~~~~~~~~~~~~~
    + CategoryInfo          : NotSpecified: (Loading Zephyr ...ysbuild_default 
   :String) [], RemoteException
    + FullyQualifiedErrorId : NativeCommandError
 
-- Found Python3: C:/ncs/toolchains/b620d30767/opt/bin/python.exe (found suitable version "3.12.4", minimum required is "3.10") found components: Interpreter 
-- Cache files will be written to: C:/ncs/v3.2.2/zephyr/.cache
-- Found west (found suitable version "1.2.0", minimum required is "0.14.0")
-- Board: nrf5340dk, qualifiers: nrf5340/cpuapp/ns
Parsing C:/ncs/v3.2.2/zephyr/share/sysbuild/Kconfig
Loaded configuration 'C:/Users/Lenovo/Nordic/remote_two/build/_sysbuild/empty.conf'
Merged configuration 'C:/Users/Lenovo/Nordic/remote_two/build/_sysbuild/empty.conf'
Configuration saved to 'C:/Users/Lenovo/Nordic/remote_two/build/zephyr/.config'
Kconfig header saved to 'C:/Users/Lenovo/Nordic/remote_two/build/_sysbuild/autoconf.h'
-- 
   ********************************
   * Running CMake for remote_two *
   ********************************

Loading Zephyr default modules (Zephyr base).
-- Application: C:/Users/Lenovo/Nordic/remote_two
-- CMake version: 3.21.0
-- Found Python3: C:/ncs/toolchains/b620d30767/opt/bin/python.exe (found suitable version "3.12.4", minimum required is "3.10") found components: Interpreter 
-- Cache files will be written to: C:/ncs/v3.2.2/zephyr/.cache
-- Zephyr version: 4.2.99 (C:/ncs/v3.2.2/zephyr)
-- Found west (found suitable version "1.2.0", minimum required is "0.14.0")
-- Board: nrf5340dk, qualifiers: nrf5340/cpuapp/ns
-- Found host-tools: zephyr 0.17.0 (C:/ncs/toolchains/b620d30767/opt/zephyr-sdk)
-- Found toolchain: zephyr 0.17.0 (C:/ncs/toolchains/b620d30767/opt/zephyr-sdk)
-- Found Dtc: C:/ncs/toolchains/b620d30767/opt/bin/dtc.exe (found suitable version "1.4.7", minimum required is "1.4.6") 
-- Found BOARD.dts: C:/ncs/v3.2.2/zephyr/boards/nordic/nrf5340dk/nrf5340dk_nrf5340_cpuapp_ns.dts
-- Found devicetree overlay: C:/Users/Lenovo/Nordic/remote_two/boards/nrf5340dk_nrf5340_cpuapp_ns.overlay
-- Generated zephyr.dts: C:/Users/Lenovo/Nordic/remote_two/build/remote_two/zephyr/zephyr.dts
-- Generated pickled edt: C:/Users/Lenovo/Nordic/remote_two/build/remote_two/zephyr/edt.pickle
-- Generated devicetree_generated.h: C:/Users/Lenovo/Nordic/remote_two/build/remote_two/zephyr/include/generated/zephyr/devicetree_generated.h

warning: USB_CDC_ACM (defined at subsys/usb/device/class/Kconfig.cdc:6) was 
assigned the value 'y'
but got the value 'n'. Check these unsatisfied dependencies: 
DT_HAS_ZEPHYR_CDC_ACM_UART_ENABLED
(=n). See http://docs.zephyrproject.org/latest/kconfig.html#CONFIG_USB_CDC_ACM 
and/or look up
USB_CDC_ACM in the menuconfig/guiconfig interface. The Application Development 
Primer, Setting
Configuration Values, and Kconfig - Tips and Best Practices sections of the 
manual might be helpful
too.


warning: Deprecated symbol USB_DEVICE_DRIVER is enabled.


warning: Deprecated symbol USB_DEVICE_STACK is enabled.

Parsing C:/ncs/v3.2.2/zephyr/Kconfig
Loaded configuration 'C:/ncs/v3.2.2/zephyr/boards/nordic/nrf5340dk/nrf5340dk_nrf5340_cpuapp_ns_defconfig'
Merged configuration 'C:/Users/Lenovo/Nordic/remote_two/prj.conf'
Merged configuration 'C:/Users/Lenovo/Nordic/remote_two/build/remote_two/zephyr/.config.sysbuild'
Configuration saved to 'C:/Users/Lenovo/Nordic/remote_two/build/remote_two/zephyr/.config'
Kconfig header saved to 'C:/Users/Lenovo/Nordic/remote_two/build/remote_two/zephyr/include/generated/zephyr/autoconf.h'
-- Found GnuLd: c:/ncs/toolchains/b620d30767/opt/zephyr-sdk/arm-zephyr-eabi/arm-zephyr-eabi/bin/ld.bfd.exe (found version "2.38") 
-- The C compiler identification is GNU 12.2.0
-- The CXX compiler identification is GNU 12.2.0
-- The ASM compiler identification is GNU
-- Found assembler: C:/ncs/toolchains/b620d30767/opt/zephyr-sdk/arm-zephyr-eabi/bin/arm-zephyr-eabi-gcc.exe
CMake Warning at C:/ncs/v3.2.2/zephyr/subsys/usb/device/CMakeLists.txt:22 
(message):
  CONFIG_USB_DEVICE_VID has default value 0x2FE3.

  This value is only for testing and MUST be configured for USB products.


CMake Warning at C:/ncs/v3.2.2/zephyr/subsys/usb/device/CMakeLists.txt:28 
(message):
  CONFIG_USB_DEVICE_PID has default value 0x100.

  This value is only for testing and MUST be configured for USB products.


-- Found gen_kobject_list: C:/ncs/v3.2.2/zephyr/scripts/build/gen_kobject_list.py
CMake Warning at C:/ncs/v3.2.2/zephyr/CMakeLists.txt:1096 (message):
  No SOURCES given to Zephyr library: drivers__clock_control

  Excluding target from build.


-- Configuring done
-- Generating done
-- Build files have been written to: C:/Users/Lenovo/Nordic/remote_two/build/remote_two
Dropping partition 'nonsecure_storage' since it is empty.
-- Configuring done
-- Generating done
-- Build files have been written to: C:/Users/Lenovo/Nordic/remote_two/build
-- west build: building application
[1/10] Creating directories for 'remote_two'
[2/10] No download step for 'remote_two'
[3/10] No update step for 'remote_two'
[4/10] No patch step for 'remote_two'
[5/10] No configure step for 'remote_two'
[5/10] Performing build step for 'remote_two'
[1/357] Generating ../../zephyr/include/generated/zephyr_commit.h
[2/357] Generating ../../zephyr/include/generated/ncs_commit.h
[3/357] Generating ../../zephyr/include/generated/ncs_version.h
[4/357] Generating include/generated/zephyr/version.h
-- Zephyr version: 4.2.99 (C:/ncs/v3.2.2/zephyr), build: ncs-v3.2.2
[5/357] Generating ../../tfm/CMakeCache.txt
-- Found Git: C:/ncs/toolchains/b620d30767/bin/git.exe (found version "2.37.3.windows.1") 
CMake Warning at CMakeLists.txt:43 (project):
  VERSION keyword not followed by a value or was followed by a value that
  expanded to nothing.


-- The C compiler identification is GNU 12.2.0
-- The CXX compiler identification is GNU 12.2.0
-- The ASM compiler identification is GNU
-- Found assembler: C:/ncs/toolchains/b620d30767/opt/zephyr-sdk/arm-zephyr-eabi/bin/arm-zephyr-eabi-gcc.exe
-- Found Python3: C:/ncs/toolchains/b620d30767/opt/bin/python.exe (found version "3.12.4") found components: Interpreter 
-- Found Python3: C:/ncs/toolchains/b620d30767/opt/bin/python.exe (found suitable version "3.12.4", minimum required is "3.10") found components: Interpreter 
-- Cache files will be written to: C:/ncs/v3.2.2/zephyr/.cache
-- Configuring done
-- Generating done
-- Build files have been written to: C:/Users/Lenovo/Nordic/remote_two/build/remote_two/tfm
[6/357] Generating misc/generated/syscalls.json, misc/generated/struct_tags.json
[7/357] Generating include/generated/device-api-sections.ld, include/generated/device-api-sections.cmake
[8/357] Generating include/generated/zephyr/driver-validation.h
[9/357] Generating include/generated/zephyr/kobj-types-enum.h, include/generated/zephyr/otype-to-str.h, include/generated/zephyr/otype-to-size.h
[10/357] Generating include/generated/zephyr/syscall_dispatch.c, include/generated/zephyr/syscall_exports_llext.c, syscall_weakdefs_llext.c, include/generated/zephyr/syscall_list.h
[11/357] Creating directories for 'tfm'
[12/357] No download step for 'tfm'
[13/357] No update step for 'tfm'
[14/357] No patch step for 'tfm'
[15/357] No configure step for 'tfm'
[15/357] Performing build step for 'tfm'
[1/151] Building C object secure_fw/spm/CMakeFiles/tfm_spm.dir/core/tfm_pools.o
[2/151] Building C object secure_fw/spm/CMakeFiles/tfm_spm.dir/core/tfm_svcalls.o
[3/151] Building C object secure_fw/spm/CMakeFiles/tfm_spm.dir/core/psa_read_write_skip_api.o
[4/151] Building C object secure_fw/spm/CMakeFiles/tfm_spm.dir/core/backend_sfn.o
[5/151] Building C object secure_fw/spm/CMakeFiles/tfm_spm.dir/core/psa_version_api.o
[6/151] Building C object secure_fw/spm/CMakeFiles/tfm_spm.dir/__/partitions/ns_agent_tz/ns_agent_tz_v80m.o
[7/151] Building C object secure_fw/spm/CMakeFiles/tfm_spm.dir/core/spm_local_connection.o
[8/151] Building C object secure_fw/spm/CMakeFiles/tfm_spm.dir/ns_client_ext/tfm_spm_ns_ctx.o
[9/151] Building C object secure_fw/spm/CMakeFiles/tfm_spm.dir/__/__/platform/ext/common/tfm_hal_nvic.o
[10/151] Building C object secure_fw/spm/CMakeFiles/tfm_spm.dir/core/arch/tfm_arch_v8m_main.o
[11/151] Building C object secure_fw/spm/CMakeFiles/tfm_spm.dir/core/psa_call_api.o
[12/151] Building C object secure_fw/spm/CMakeFiles/tfm_spm.dir/__/partitions/ns_agent_tz/load_info_ns_agent_tz.o
[13/151] Building C object secure_fw/spm/CMakeFiles/tfm_spm.dir/__/__/lib/tfm_vprintf/src/tfm_vprintf.o
[14/151] Building C object secure_fw/spm/CMakeFiles/tfm_spm.dir/__/__/generated/secure_fw/partitions/crypto/auto_generated/load_info_tfm_crypto.o
[15/151] Building C object secure_fw/spm/CMakeFiles/tfm_spm.dir/__/__/platform/ext/common/syscalls_stub.o
[16/151] Building C object secure_fw/spm/CMakeFiles/tfm_spm.dir/__/__/generated/secure_fw/partitions/platform/auto_generated/load_info_tfm_platform.o
[17/151] Building C object secure_fw/spm/CMakeFiles/tfm_spm.dir/__/__/platform/ext/target/nordic_nrf/common/core/target_cfg_53_91.o
[18/151] Building C object secure_fw/spm/CMakeFiles/tfm_spm.dir/__/__/platform/ext/target/nordic_nrf/common/core/tfm_hal_isolation.o
[19/151] Building C object secure_fw/spm/CMakeFiles/tfm_spm.dir/__/__/platform/ext/target/nordic_nrf/common/core/faults.o
[20/151] Building C object secure_fw/spm/CMakeFiles/tfm_spm.dir/__/__/platform/ext/target/nordic_nrf/common/core/target_cfg.o
[21/151] Building C object secure_fw/spm/CMakeFiles/tfm_spm.dir/__/__/platform/ext/target/nordic_nrf/common/core/tfm_hal_platform_common.o
[22/151] Building C object secure_fw/spm/CMakeFiles/tfm_spm.dir/__/__/platform/ext/target/nordic_nrf/common/core/secure_peripherals_defs.o
[23/151] Building C object secure_fw/partitions/lib/runtime/CMakeFiles/tfm_sprt.dir/crt_memcmp.o
[24/151] Building C object secure_fw/partitions/lib/runtime/CMakeFiles/tfm_sprt.dir/__/__/__/__/platform/ext/common/syscalls_stub.o
[25/151] Building C object secure_fw/partitions/lib/runtime/CMakeFiles/tfm_sprt.dir/crt_strnlen.o
[26/151] Building C object secure_fw/partitions/lib/runtime/CMakeFiles/tfm_sprt.dir/crt_memmove.o
[27/151] Building C object secure_fw/partitions/lib/runtime/CMakeFiles/tfm_sprt.dir/service_api.o
[28/151] Building C object secure_fw/partitions/lib/runtime/CMakeFiles/tfm_sprt.dir/__/__/__/shared/crt_memcpy.o
[29/151] Building C object secure_fw/partitions/lib/runtime/CMakeFiles/tfm_sprt.dir/__/__/__/spm/core/psa_interface_sfn.o
[30/151] Building C object secure_fw/partitions/lib/runtime/CMakeFiles/tfm_sprt.dir/__/__/__/__/interface/src/tfm_platform_api.o
[31/151] Building C object secure_fw/partitions/lib/runtime/CMakeFiles/tfm_sprt.dir/__/__/__/shared/crt_memset.o
[32/151] Building C object secure_fw/partitions/lib/runtime/CMakeFiles/tfm_sprt.dir/__/__/__/__/interface/src/tfm_crypto_api.o
[33/151] Building C object secure_fw/partitions/lib/runtime/CMakeFiles/tfm_sprt.dir/C_/ncs/v3.2.2/nrf/modules/trusted-firmware-m/tfm_boards/common/dummy_tfm_sp_log_raw.o
[34/151] Building C object secure_fw/partitions/lib/runtime/CMakeFiles/tfm_sprt.dir/__/__/__/__/interface/src/tfm_psa_call.o
[35/151] Building C object secure_fw/partitions/lib/runtime/CMakeFiles/tfm_sprt.dir/__/__/__/__/lib/tfm_vprintf/src/tfm_vprintf.o
[36/151] Building C object secure_fw/partitions/lib/runtime/CMakeFiles/tfm_sp_log.dir/tfm_sp_log_raw.o
[37/151] Building C object secure_fw/partitions/lib/runtime/CMakeFiles/tfm_sp_log.dir/__/__/__/__/platform/ext/common/tfm_hal_sp_logdev_periph.o
[38/151] Building C object secure_fw/partitions/crypto/CMakeFiles/tfm_psa_rot_partition_crypto.dir/crypto_init.o
[39/151] Building C object secure_fw/partitions/crypto/CMakeFiles/tfm_psa_rot_partition_crypto.dir/crypto_alloc.o
[40/151] Building C object secure_fw/partitions/crypto/CMakeFiles/tfm_psa_rot_partition_crypto.dir/crypto_aead.o
[41/151] Building C object secure_fw/partitions/crypto/CMakeFiles/tfm_psa_rot_partition_crypto.dir/crypto_mac.o
[42/151] Building C object secure_fw/partitions/crypto/CMakeFiles/tfm_psa_rot_partition_crypto.dir/crypto_cipher.o
[43/151] Building C object secure_fw/partitions/crypto/CMakeFiles/tfm_psa_rot_partition_crypto.dir/crypto_hash.o
[44/151] Building C object secure_fw/partitions/crypto/CMakeFiles/tfm_psa_rot_partition_crypto.dir/crypto_rng.o
[45/151] Building C object secure_fw/partitions/crypto/CMakeFiles/tfm_psa_rot_partition_crypto.dir/crypto_library.o
[46/151] Building C object secure_fw/partitions/crypto/CMakeFiles/tfm_psa_rot_partition_crypto.dir/crypto_asymmetric.o
[47/151] Building C object secure_fw/partitions/crypto/CMakeFiles/tfm_psa_rot_partition_crypto.dir/crypto_key_management.o
[48/151] Building C object secure_fw/partitions/crypto/CMakeFiles/tfm_psa_rot_partition_crypto.dir/crypto_key_derivation.o
[49/151] Building C object secure_fw/partitions/crypto/CMakeFiles/tfm_psa_rot_partition_crypto.dir/__/__/__/generated/secure_fw/partitions/crypto/auto_generated/intermedia_tfm_crypto.o
[50/151] Building C object secure_fw/partitions/crypto/CMakeFiles/tfm_psa_rot_partition_crypto.dir/crypto_pake.o
[51/151] Building C object lib/fih/CMakeFiles/tfm_fih.dir/src/fih.o
[52/151] Linking C static library lib\fih\libtfm_fih.a
[53/151] Building C object lib/tfm_log_unpriv/CMakeFiles/tfm_log_unpriv.dir/__/__/platform/ext/common/syscalls_stub.o
[54/151] Building C object lib/tfm_log_unpriv/CMakeFiles/tfm_log_unpriv.dir/__/tfm_vprintf/src/tfm_vprintf.o
[55/151] Building C object lib/tfm_log_unpriv/CMakeFiles/tfm_log_unpriv.dir/src/tfm_log_unpriv.o
[56/151] Building C object secure_fw/CMakeFiles/tfm_s.dir/__/platform/ext/target/nordic_nrf/common/core/startup.o
[57/151] Building C object secure_fw/CMakeFiles/tfm_s.dir/partitions/ns_agent_tz/psa_api_veneers_v80m.o
[58/151] Building C object secure_fw/CMakeFiles/tfm_s.dir/__/platform/ext/target/nordic_nrf/common/core/startup_nrf5340.o
[59/151] Building C object secure_fw/CMakeFiles/tfm_s.dir/__/generated/secure_fw/partitions/crypto/auto_generated/load_info_tfm_crypto.o
[60/151] Building C object secure_fw/CMakeFiles/tfm_s.dir/partitions/ns_agent_tz/load_info_ns_agent_tz.o
[61/151] Building C object secure_fw/CMakeFiles/tfm_s.dir/__/platform/ext/common/syscalls_stub.o
[62/151] Building C object secure_fw/CMakeFiles/tfm_s.dir/__/platform/ext/common/faults.o
[63/151] Building C object secure_fw/CMakeFiles/tfm_s.dir/__/generated/secure_fw/partitions/platform/auto_generated/load_info_tfm_platform.o
[64/151] Building C object secure_fw/CMakeFiles/tfm_s.dir/__/lib/tfm_vprintf/src/tfm_vprintf.o
[65/151] Building C object secure_fw/spm/CMakeFiles/tfm_spm.dir/core/spm_ipc.o
[66/151] Building C object secure_fw/spm/CMakeFiles/tfm_spm.dir/core/main.o
[67/151] Building C object secure_fw/spm/CMakeFiles/tfm_spm.dir/core/rom_loader.o
[68/151] Building C object secure_fw/spm/CMakeFiles/tfm_spm.dir/core/arch/tfm_arch.o
[69/151] Building C object secure_fw/spm/CMakeFiles/tfm_spm.dir/core/psa_api.o
[70/151] Building C object secure_fw/spm/CMakeFiles/tfm_spm.dir/core/tfm_boot_data.o
[71/151] Building C object secure_fw/spm/CMakeFiles/tfm_spm.dir/core/utilities.o
[72/151] Building C object secure_fw/spm/CMakeFiles/tfm_spm.dir/core/spm_log.o
[73/151] Building C object secure_fw/partitions/crypto/mbedcrypto/nrf_security_src/CMakeFiles/mbedcrypto_base.dir/C_/ncs/v3.2.2/modules/crypto/mbedtls/library/oid.o
[74/151] Building C object secure_fw/partitions/crypto/mbedcrypto/nrf_security_src/CMakeFiles/mbedcrypto_base.dir/C_/ncs/v3.2.2/modules/crypto/mbedtls/library/constant_time.o
[75/151] Building C object secure_fw/partitions/crypto/mbedcrypto/nrf_security_src/CMakeFiles/mbedcrypto_base.dir/C_/ncs/v3.2.2/modules/crypto/mbedtls/library/padlock.o
[76/151] Building C object secure_fw/partitions/crypto/mbedcrypto/nrf_security_src/CMakeFiles/mbedcrypto_base.dir/C_/ncs/v3.2.2/modules/crypto/mbedtls/library/version.o
[77/151] Building C object secure_fw/partitions/crypto/mbedcrypto/nrf_security_src/CMakeFiles/mbedcrypto_base.dir/C_/ncs/v3.2.2/modules/crypto/mbedtls/library/nist_kw.o
[78/151] Building C object secure_fw/partitions/crypto/mbedcrypto/nrf_security_src/CMakeFiles/mbedcrypto_base.dir/C_/ncs/v3.2.2/modules/crypto/mbedtls/library/asn1parse.o
[79/151] Building C object secure_fw/partitions/crypto/mbedcrypto/nrf_security_src/CMakeFiles/mbedcrypto_base.dir/C_/ncs/v3.2.2/modules/crypto/mbedtls/library/asn1write.o
[80/151] Building C object secure_fw/partitions/crypto/mbedcrypto/nrf_security_src/CMakeFiles/crypto_service_mbedcrypto.dir/C_/ncs/v3.2.2/modules/crypto/mbedtls/library/memory_buffer_alloc.o
[81/151] Building C object secure_fw/partitions/crypto/mbedcrypto/nrf_security_src/CMakeFiles/mbedcrypto_base.dir/C_/ncs/v3.2.2/modules/crypto/mbedtls/library/bignum_core.o
[82/151] Building C object secure_fw/partitions/crypto/mbedcrypto/nrf_security_src/CMakeFiles/mbedcrypto_base.dir/C_/ncs/v3.2.2/modules/crypto/mbedtls/library/base64.o
[83/151] Building C object secure_fw/partitions/crypto/mbedcrypto/nrf_security_src/CMakeFiles/mbedcrypto_base.dir/C_/ncs/v3.2.2/modules/crypto/mbedtls/library/bignum.o
[84/151] Building C object secure_fw/partitions/crypto/mbedcrypto/nrf_security_src/core/nrf_oberon/CMakeFiles/psa_core.dir/C_/ncs/v3.2.2/modules/crypto/oberon-psa-crypto/library/platform.o
[85/151] Building C object secure_fw/partitions/crypto/mbedcrypto/nrf_security_src/core/nrf_oberon/CMakeFiles/psa_core.dir/C_/ncs/v3.2.2/modules/crypto/oberon-psa-crypto/library/platform_util.o
[86/151] Building C object secure_fw/partitions/crypto/mbedcrypto/nrf_security_src/core/nrf_oberon/CMakeFiles/psa_core.dir/C_/ncs/v3.2.2/modules/crypto/oberon-psa-crypto/library/psa_crypto_client.o
[87/151] Building C object secure_fw/partitions/crypto/mbedcrypto/nrf_security_src/core/nrf_oberon/CMakeFiles/psa_core.dir/C_/ncs/v3.2.2/modules/crypto/oberon-psa-crypto/library/psa_crypto.o
[88/151] Building C object secure_fw/partitions/crypto/mbedcrypto/nrf_security_src/core/nrf_oberon/CMakeFiles/psa_core.dir/C_/ncs/v3.2.2/modules/crypto/oberon-psa-crypto/library/psa_crypto_slot_management.o
[89/151] Building C object secure_fw/partitions/crypto/mbedcrypto/nrf_security_src/core/nrf_oberon/CMakeFiles/psa_core.dir/C_/ncs/v3.2.2/nrf/subsys/nrf_security/src/psa_crypto_driver_wrappers.o
[90/151] Building C object secure_fw/partitions/crypto/mbedcrypto/nrf_security_src/core/nrf_oberon/CMakeFiles/psa_core.dir/C_/ncs/v3.2.2/modules/crypto/oberon-psa-crypto/library/psa_crypto_storage.o
[91/151] Building C object secure_fw/partitions/crypto/mbedcrypto/nrf_security_src/CMakeFiles/nrf_security_utils.dir/utils/nrf_security_core.o
[92/151] Building C object secure_fw/partitions/crypto/mbedcrypto/nrf_security_src/CMakeFiles/nrf_security_utils.dir/utils/nrf_security_mutexes.o
[93/151] Building C object secure_fw/partitions/crypto/mbedcrypto/nrf_security_src/CMakeFiles/nrf_security_utils.dir/utils/nrf_security_events.o
[94/151] Building C object secure_fw/partitions/platform/CMakeFiles/tfm_psa_rot_partition_platform.dir/platform_sp.o
[95/151] Building C object secure_fw/partitions/platform/CMakeFiles/tfm_psa_rot_partition_platform.dir/__/__/__/platform/ext/common/syscalls_stub.o
[96/151] Building C object secure_fw/partitions/platform/CMakeFiles/tfm_psa_rot_partition_platform.dir/__/__/__/generated/secure_fw/partitions/platform/auto_generated/intermedia_tfm_platform.o
[97/151] Building C object secure_fw/partitions/platform/CMakeFiles/tfm_psa_rot_partition_platform.dir/__/__/__/lib/tfm_vprintf/src/tfm_vprintf.o
[98/151] Building C object secure_fw/partitions/crypto/mbedcrypto/nrf_security_src/drivers/nrf_oberon/CMakeFiles/oberon_psa_driver.dir/C_/ncs/v3.2.2/modules/crypto/oberon-psa-crypto/oberon/drivers/oberon_helpers.o
[99/151] Building C object secure_fw/partitions/crypto/mbedcrypto/nrf_security_src/drivers/nrf_oberon/CMakeFiles/oberon_psa_driver.dir/C_/ncs/v3.2.2/modules/crypto/oberon-psa-crypto/oberon/drivers/oberon_ecdsa.o
[100/151] Building C object secure_fw/partitions/crypto/mbedcrypto/nrf_security_src/drivers/nrf_oberon/CMakeFiles/oberon_psa_driver.dir/C_/ncs/v3.2.2/modules/crypto/oberon-psa-crypto/oberon/drivers/oberon_ecdh.o
[101/151] Building C object secure_fw/partitions/crypto/mbedcrypto/nrf_security_src/drivers/nrf_oberon/CMakeFiles/oberon_psa_driver.dir/C_/ncs/v3.2.2/modules/crypto/oberon-psa-crypto/oberon/drivers/oberon_ec_keys.o
[102/151] Building C object secure_fw/partitions/crypto/mbedcrypto/nrf_security_src/drivers/nrf_oberon/CMakeFiles/oberon_psa_driver.dir/C_/ncs/v3.2.2/modules/crypto/oberon-psa-crypto/oberon/drivers/oberon_jpake.o
[103/151] Building C object secure_fw/partitions/crypto/mbedcrypto/nrf_security_src/drivers/nrf_oberon/CMakeFiles/oberon_psa_driver.dir/C_/ncs/v3.2.2/modules/crypto/oberon-psa-crypto/oberon/drivers/oberon_spake2p.o
[104/151] Building C object secure_fw/partitions/crypto/mbedcrypto/nrf_security_src/drivers/nrf_oberon/CMakeFiles/oberon_psa_driver.dir/C_/ncs/v3.2.2/modules/crypto/oberon-psa-crypto/oberon/drivers/oberon_wpa3_sae.o
[105/151] Building C object secure_fw/partitions/crypto/mbedcrypto/nrf_security_src/drivers/nrf_oberon/CMakeFiles/oberon_psa_driver.dir/C_/ncs/v3.2.2/modules/crypto/oberon-psa-crypto/oberon/drivers/oberon_rsa.o
[106/151] Building C object secure_fw/partitions/crypto/mbedcrypto/nrf_security_src/drivers/nrf_oberon/CMakeFiles/oberon_psa_driver.dir/C_/ncs/v3.2.2/modules/crypto/oberon-psa-crypto/oberon/drivers/oberon_srp.o
[107/151] Building C object platform/CMakeFiles/platform_s.dir/C_/ncs/v3.2.2/nrf/modules/trusted-firmware-m/tfm_boards/common/dummy_provisioning.o
[108/151] Building C object platform/CMakeFiles/platform_s.dir/C_/ncs/v3.2.2/nrf/modules/trusted-firmware-m/tfm_boards/common/tfm_hal_reset_halt.o
[109/151] Building C object platform/CMakeFiles/platform_s.dir/C_/ncs/v3.2.2/nrf/modules/trusted-firmware-m/tfm_boards/common/ns_fault_service.o
[110/151] Building C object platform/CMakeFiles/platform_s.dir/C_/ncs/v3.2.2/nrf/modules/trusted-firmware-m/tfm_boards/common/assert.o
[111/151] Building C object platform/CMakeFiles/platform_s.dir/C_/ncs/v3.2.2/nrf/modules/trusted-firmware-m/tfm_boards/common/dummy_otp.o
[112/151] Building C object platform/CMakeFiles/platform_s.dir/ext/common/tfm_hal_spm_logdev_peripheral.o
[113/151] Building C object platform/CMakeFiles/platform_s.dir/C_/ncs/v3.2.2/nrf/modules/trusted-firmware-m/tfm_boards/src/tfm_ioctl_s_api.o
[114/151] Building C object platform/CMakeFiles/platform_s.dir/C_/ncs/v3.2.2/nrf/modules/trusted-firmware-m/tfm_boards/src/tfm_platform_system.o
[115/151] Building C object platform/CMakeFiles/platform_s.dir/ext/common/uart_stdout.o
[116/151] Building C object platform/CMakeFiles/platform_s.dir/ext/common/exception_info.o
[117/151] Building C object platform/CMakeFiles/platform_s.dir/__/lib/tfm_vprintf/src/tfm_vprintf.o
[118/151] Building C object platform/CMakeFiles/platform_crypto_keys.dir/ext/common/syscalls_stub.o
[119/151] Building C object platform/CMakeFiles/platform_crypto_keys.dir/__/lib/tfm_vprintf/src/tfm_vprintf.o
[120/151] Building C object platform/CMakeFiles/platform_s.dir/ext/common/tfm_fatal_error.o
[121/151] Building C object platform/CMakeFiles/platform_s.dir/ext/common/syscalls_stub.o
[122/151] Building C object platform/CMakeFiles/platform_s.dir/C_/ncs/v3.2.2/modules/hal/nordic/nrfx/drivers/src/nrfx_nvmc.o
[123/151] Building C object platform/CMakeFiles/platform_s.dir/ext/target/nordic_nrf/common/core/nrf_exception_info.o
[124/151] Building C object platform/CMakeFiles/platform_s.dir/ext/target/nordic_nrf/common/core/services/src/tfm_platform_hal_ioctl.o
[125/151] Building C object platform/CMakeFiles/platform_s.dir/ext/target/nordic_nrf/common/core/native_drivers/spu.o
[126/151] Building C object platform/CMakeFiles/platform_s.dir/ext/target/nordic_nrf/common/core/nrfx_glue.o
[127/151] Building C object platform/CMakeFiles/platform_s.dir/ext/target/nordic_nrf/common/core/native_drivers/mpu_armv8m_drv.o
[128/151] Building C object platform/CMakeFiles/platform_s.dir/ext/target/nordic_nrf/common/core/cmsis_drivers/Driver_USART.o
[129/151] Building C object platform/CMakeFiles/platform_s.dir/C_/ncs/v3.2.2/modules/hal/nordic/nrfx/drivers/src/nrfx_uarte.o
[130/151] Building C object platform/CMakeFiles/platform_s.dir/C_/ncs/v3.2.2/modules/hal/nordic/nrfx/bsp/stable/mdk/system_nrf5340_application.o
[131/151] Building C object platform/CMakeFiles/platform_s.dir/C_/ncs/v3.2.2/nrf/modules/trusted-firmware-m/tfm_boards/common/tfm_hal_platform.o
[132/151] Building C object platform/CMakeFiles/platform_s.dir/ext/target/nordic_nrf/common/core/services/src/tfm_ioctl_core_s_api.o
[133/151] Linking C static library platform\libplatform_crypto_keys.a
[134/151] Linking C static library platform\libplatform_s.a
[135/151] Linking C static library secure_fw\partitions\platform\libtfm_psa_rot_partition_platform.a
[136/151] Linking C static library secure_fw\partitions\crypto\mbedcrypto\nrf_security_src\drivers\nrf_oberon\liboberon_psa_driver.a
[137/151] Linking C static library secure_fw\partitions\crypto\mbedcrypto\nrf_security_src\core\nrf_oberon\libpsa_core.a
[138/151] Linking C static library secure_fw\partitions\crypto\mbedcrypto\nrf_security_src\libnrf_security_utils.a
[139/151] Linking C static library secure_fw\partitions\crypto\mbedcrypto\nrf_security_src\libmbedcrypto_base.a
[140/151] Linking C static library secure_fw\partitions\crypto\mbedcrypto\nrf_security_src\libcrypto_service_mbedcrypto.a
[141/151] Linking C static library secure_fw\partitions\crypto\libtfm_psa_rot_partition_crypto.a
[142/151] Linking C static library secure_fw\partitions\lib\runtime\libtfm_sp_log.a
[143/151] Linking C static library secure_fw\partitions\lib\runtime\libtfm_sprt.a
[144/151] Linking C static library secure_fw\spm\libtfm_spm.a
[145/151] Linking C static library lib\tfm_log_unpriv\libtfm_log_unpriv.a
[146/151] Building C object platform/target/nrf5340/nrf_common/CMakeFiles/tfm_s_scatter.dir/__/__/__/__/generated/platform/ext/common/gcc/tfm_common_s.ld
[147/151] Linking C executable bin\tfm_s.axf
FAILED: bin/tfm_s.axf 
cmd.exe /C "cd . && C:\ncs\toolchains\b620d30767\opt\zephyr-sdk\arm-zephyr-eabi\bin\arm-zephyr-eabi-gcc.exe -mcpu=cortex-m33 -Os -DNDEBUG -mcpu=cortex-m33 --entry=Reset_Handler -specs=nano.specs -specs=nosys.specs -Wl,-check-sections -Wl,-fatal-warnings -Wl,--gc-sections -Wl,--no-wchar-size-warning -Wl,--print-memory-usage -Wl,-Map=C:/Users/Lenovo/Nordic/remote_two/build/remote_two/tfm/bin/tfm_s.map -mfloat-abi=hard -mfpu=fpv5-sp-d16 -Wl,--cmse-implib,--out-implib=C:/Users/Lenovo/Nordic/remote_two/build/remote_two/tfm/secure_fw/s_veneers.o -T C:/Users/Lenovo/Nordic/remote_two/build/remote_two/tfm/platform/target/nrf5340/nrf_common/CMakeFiles/tfm_s_scatter.dir/./__/__/__/__/generated/platform/ext/common/gcc/tfm_common_s.ld @CMakeFiles\tfm_s.rsp -o bin\tfm_s.axf  && cd ."
c:/ncs/toolchains/b620d30767/opt/zephyr-sdk/arm-zephyr-eabi/bin/../lib/gcc/arm-zephyr-eabi/12.2.0/../../../../arm-zephyr-eabi/bin/ld.exe: cannot find secure_fw/partitions/crypto/mbedcrypto/nrf_security_src/drivers/nrf_oberon/liboberon_psa_driver.a: No such file or directory
collect2.exe: error: ld returned 1 exit status
ninja: build stopped: subcommand failed.
FAILED: modules/trusted-firmware-m/tfm-prefix/src/tfm-stamp/tfm-build tfm/bin/tfm_s.elf tfm/bin/tfm_s.bin tfm/bin/tfm_s.hex tfm/bin/tfm_s_signed.bin tfm/bin/tfm_s_ns_signed.bin tfm/api_ns/interface/lib/s_veneers.o tfm/api_ns/interface/src/tfm_attest_api.c tfm/api_ns/interface/src/tfm_crypto_api.c tfm/api_ns/interface/src/tfm_fwu_api.c tfm/api_ns/interface/src/tfm_its_api.c tfm/api_ns/interface/src/tfm_platform_api.c tfm/api_ns/interface/src/tfm_ps_api.c tfm/api_ns/interface/src/tfm_tz_psa_ns_api.c tfm/api_ns/interface/src/tfm_ioctl_core_ns_api.c C:/Users/Lenovo/Nordic/remote_two/build/remote_two/modules/trusted-firmware-m/tfm-prefix/src/tfm-stamp/tfm-build C:/Users/Lenovo/Nordic/remote_two/build/remote_two/tfm/bin/tfm_s.elf C:/Users/Lenovo/Nordic/remote_two/build/remote_two/tfm/bin/tfm_s.bin C:/Users/Lenovo/Nordic/remote_two/build/remote_two/tfm/bin/tfm_s.hex C:/Users/Lenovo/Nordic/remote_two/build/remote_two/tfm/bin/tfm_s_signed.bin C:/Users/Lenovo/Nordic/remote_two/build/remote_two/tfm/bin/tfm_s_ns_signed.bin C:/Users/Lenovo/Nordic/remote_two/build/remote_two/tfm/api_ns/interface/lib/s_veneers.o C:/Users/Lenovo/Nordic/remote_two/build/remote_two/tfm/api_ns/interface/src/tfm_attest_api.c C:/Users/Lenovo/Nordic/remote_two/build/remote_two/tfm/api_ns/interface/src/tfm_crypto_api.c C:/Users/Lenovo/Nordic/remote_two/build/remote_two/tfm/api_ns/interface/src/tfm_fwu_api.c C:/Users/Lenovo/Nordic/remote_two/build/remote_two/tfm/api_ns/interface/src/tfm_its_api.c C:/Users/Lenovo/Nordic/remote_two/build/remote_two/tfm/api_ns/interface/src/tfm_platform_api.c C:/Users/Lenovo/Nordic/remote_two/build/remote_two/tfm/api_ns/interface/src/tfm_ps_api.c C:/Users/Lenovo/Nordic/remote_two/build/remote_two/tfm/api_ns/interface/src/tfm_tz_psa_ns_api.c C:/Users/Lenovo/Nordic/remote_two/build/remote_two/tfm/api_ns/interface/src/tfm_ioctl_core_ns_api.c 
cmd.exe /C "cd /D C:\Users\Lenovo\Nordic\remote_two\build\remote_two\tfm && C:\ncs\toolchains\b620d30767\opt\bin\cmake.exe --build . -j 1"
ninja: build stopped: subcommand failed.
FAILED: _sysbuild/sysbuild/images/remote_two-prefix/src/remote_two-stamp/remote_two-build C:/Users/Lenovo/Nordic/remote_two/build/_sysbuild/sysbuild/images/remote_two-prefix/src/remote_two-stamp/remote_two-build 
cmd.exe /C "cd /D C:\Users\Lenovo\Nordic\remote_two\build\remote_two && C:\ncs\toolchains\b620d30767\opt\bin\cmake.exe --build ."
ninja: build stopped: subcommand failed.
FATAL ERROR: command exited with status 1: 
'C:\ncs\toolchains\b620d30767\opt\bin\cmake.EXE' --build 
C:/Users/Lenovo/Nordic/remote_two/build
